\BOOKMARK [1][-]{section*.1}{\376\377\117\177\165\050\145\271\137\017}{}% 1
\BOOKMARK [1][-]{section*.2}{\376\377\140\073\150\106\147\266}{}% 2
\BOOKMARK [1][-]{section*.3}{\376\377\116\000\060\001\166\364\143\245\154\325\377\032\000L\000U\060\001\000P\000L\000U\060\001\136\163\145\271\150\071\154\325}{}% 3
\BOOKMARK [2][-]{section*.4}{\376\377\0001\000.\000\040\000L\000U\000\040\122\006\211\343}{section*.3}% 4
\BOOKMARK [2][-]{section*.5}{\376\377\0002\000.\000\040\122\027\116\073\121\103\000\040\000P\000L\000U}{section*.3}% 5
\BOOKMARK [2][-]{section*.6}{\376\377\0003\000.\000\040\232\330\230\221\153\315\230\230\377\032\000[\000[\0001\000,\0004\000,\0007\000]\000,\000[\0002\000,\0005\000,\0008\000]\000,\000[\0003\000,\0006\000,\0001\0000\000]\000]}{section*.3}% 6
\BOOKMARK [2][-]{section*.7}{\376\377\0004\000.\000\040\136\163\145\271\150\071\154\325\116\016\145\071\217\333\136\163\145\271\150\071\154\325}{section*.3}% 7
\BOOKMARK [2][-]{section*.8}{\376\377\0005\000.\000\040\217\375\215\166\154\325}{section*.3}% 8
\BOOKMARK [1][-]{section*.9}{\376\377\116\214\060\001\203\003\145\160\060\001\147\141\116\366\145\160\060\001\213\357\135\356}{}% 9
\BOOKMARK [2][-]{section*.10}{\376\377\0001\000.\000\040\124\021\221\317\203\003\145\160}{section*.9}% 10
\BOOKMARK [2][-]{section*.11}{\376\377\0002\000.\000\040\167\351\226\065\203\003\145\160}{section*.9}% 11
\BOOKMARK [2][-]{section*.12}{\376\377\0003\000.\000\040\214\061\203\003\145\160}{section*.9}% 12
\BOOKMARK [2][-]{section*.13}{\376\377\0004\000.\000\040\147\141\116\366\145\160\116\016\213\357\135\356}{section*.9}% 13
\BOOKMARK [1][-]{section*.14}{\376\377\116\011\060\001\147\000\134\017\116\214\116\130\116\016\153\143\116\244\123\026}{}% 14
\BOOKMARK [2][-]{section*.15}{\376\377\0001\000.\000\040\147\000\134\017\116\214\116\130\150\007\121\306\225\356\230\230}{section*.14}% 15
\BOOKMARK [2][-]{section*.16}{\376\377\0002\000.\000\040\142\225\137\161\167\351\226\065}{section*.14}% 16
\BOOKMARK [2][-]{section*.17}{\376\377\0003\000.\000\040\000Q\000R\000\040\211\343\147\000\134\017\116\214\116\130}{section*.14}% 17
\BOOKMARK [2][-]{section*.18}{\376\377\0004\000.\000\040\000H\000o\000u\000s\000e\000h\000o\000l\000d\000e\000r}{section*.14}% 18
\BOOKMARK [2][-]{section*.19}{\376\377\0005\000.\000\040\000G\000i\000v\000e\000n\000s}{section*.14}% 19
\BOOKMARK [1][-]{section*.20}{\376\377\126\333\060\001\133\232\136\070\217\355\116\343\154\325}{}% 20
\BOOKMARK [2][-]{section*.21}{\376\377\0001\000.\000\040\176\337\116\000\122\006\210\302}{section*.20}% 21
\BOOKMARK [2][-]{section*.22}{\376\377\0002\000.\000\040\136\070\165\050\121\105\122\006\147\141\116\366}{section*.20}% 22
\BOOKMARK [2][-]{section*.23}{\376\377\0003\000.\000\040\123\302\145\160\167\351\226\065\152\041\147\177}{section*.20}% 23
\BOOKMARK [2][-]{section*.24}{\376\377\0004\000.\000\040\0003\000\040\226\066\167\351\226\065\121\231\000\040\000J\000a\000c\000o\000b\000i\000\040\217\355\116\343\167\351\226\065}{section*.20}% 24
\BOOKMARK [1][-]{section*.25}{\376\377\116\224\060\001\121\161\217\155\150\257\136\246\154\325}{}% 25
\BOOKMARK [2][-]{section*.26}{\376\377\0001\000.\000\040\000A\000-\121\161\217\155\124\021\221\317\176\277\140\047\145\340\121\163}{section*.25}% 26
\BOOKMARK [2][-]{section*.27}{\376\377\0002\000.\000\040\220\006\167\351\226\065\134\125\137\000\137\017}{section*.25}% 27
\BOOKMARK [2][-]{section*.28}{\376\377\0003\000.\000\040\134\017\167\351\226\065\000\040\000C\000G\000\040\142\113\173\227}{section*.25}% 28
\BOOKMARK [1][-]{section*.29}{\376\377\121\155\060\001\162\171\137\201\120\074\225\356\230\230}{}% 29
\BOOKMARK [2][-]{section*.30}{\376\377\0001\000.\000\040\136\102\154\325}{section*.29}% 30
\BOOKMARK [2][-]{section*.31}{\376\377\0002\000.\000\040\000H\000o\000u\000s\000e\000h\000o\000l\000d\000e\000r\000\040\116\012\000\040\000H\000e\000s\000s\000e\000n\000b\000e\000r\000g\000\040\123\026}{section*.29}% 31
\BOOKMARK [2][-]{section*.32}{\376\377\0003\000.\000\040\000Q\000R\000\040\217\355\116\343}{section*.29}% 32
\BOOKMARK [2][-]{section*.33}{\376\377\0004\000.\000\040\000S\000c\000h\000u\000r\000\040\122\006\211\343}{section*.29}% 33
\BOOKMARK [2][-]{section*.34}{\376\377\0005\000.\000\040\000S\000V\000D\000\040\116\016\000\040\000M\000o\000o\000r\000e\000-\000P\000e\000n\000r\000o\000s\000e\000\040\220\006}{section*.29}% 34
\BOOKMARK [1][-]{section*.35}{\376\377\116\003\060\001\213\301\146\016\230\230\176\337\116\000\131\127\215\357}{}% 35
\BOOKMARK [2][-]{section*.36}{\376\377\203\003\145\160\213\301\146\016}{section*.35}% 36
\BOOKMARK [2][-]{section*.37}{\376\377\145\066\145\133\213\301\146\016}{section*.35}% 37
\BOOKMARK [2][-]{section*.38}{\376\377\153\143\133\232\213\301\146\016}{section*.35}% 38
\BOOKMARK [2][-]{section*.39}{\376\377\147\000\134\017\116\214\116\130\213\301\146\016}{section*.35}% 39
\BOOKMARK [2][-]{section*.40}{\376\377\153\143\116\244\123\330\143\142\213\301\146\016}{section*.35}% 40
\BOOKMARK [1][-]{section*.41}{\376\377\121\153\060\001\136\070\211\301\131\061\122\006\160\271}{}% 41
