\BOOKMARK [1][-]{section*.1}{\376\377\116\000\060\001\232\330\230\221\230\230\136\223}{}% 1
\BOOKMARK [2][-]{section*.2}{\376\377\0001\000.\000\040\203\003\145\160\213\301\146\016}{section*.1}% 2
\BOOKMARK [2][-]{section*.3}{\376\377\0002\000.\000\040\000L\000U\000\040\000/\000\040\000P\000L\000U\000\040\000/\000\040\121\150\116\073\121\103}{section*.1}% 3
\BOOKMARK [2][-]{section*.4}{\376\377\0003\000.\000\040\153\143\133\232\140\047\116\016\136\163\145\271\150\071\154\325}{section*.1}% 4
\BOOKMARK [2][-]{section*.5}{\376\377\0004\000.\000\040\147\000\134\017\116\214\116\130\116\016\153\143\122\031\145\271\172\013}{section*.1}% 5
\BOOKMARK [2][-]{section*.6}{\376\377\0005\000.\000\040\000H\000o\000u\000s\000e\000h\000o\000l\000d\000e\000r\000\040\116\016\000\040\000G\000i\000v\000e\000n\000s}{section*.1}% 6
\BOOKMARK [2][-]{section*.7}{\376\377\0006\000.\000\040\000J\000a\000c\000o\000b\000i\000\040\000/\000\040\000G\000a\000u\000s\000s\000-\000S\000e\000i\000d\000e\000l\000\040\000/\000\040\000S\000O\000R}{section*.1}% 7
\BOOKMARK [2][-]{section*.8}{\376\377\0007\000.\000\040\121\161\217\155\150\257\136\246\154\325}{section*.1}% 8
\BOOKMARK [2][-]{section*.9}{\376\377\0008\000.\000\040\000H\000e\000s\000s\000e\000n\000b\000e\000r\000g\000\040\000/\000\040\000Q\000R\000\040\000/\000\040\000S\000c\000h\000u\000r\000\040\000/\000\040\000S\000V\000D}{section*.1}% 9
\BOOKMARK [1][-]{section*.10}{\376\377\116\214\060\001\116\312\136\164\147\000\123\357\200\375\166\204\230\204\155\113\123\167}{}% 10
\BOOKMARK [2][-]{section*.11}{\376\377\230\230\000\040\0001}{section*.10}% 11
\BOOKMARK [2][-]{section*.12}{\376\377\230\230\000\040\0002}{section*.10}% 12
\BOOKMARK [2][-]{section*.13}{\376\377\230\230\000\040\0003}{section*.10}% 13
\BOOKMARK [2][-]{section*.14}{\376\377\230\230\000\040\0004}{section*.10}% 14
\BOOKMARK [2][-]{section*.15}{\376\377\230\230\000\040\0005}{section*.10}% 15
\BOOKMARK [2][-]{section*.16}{\376\377\230\230\000\040\0006}{section*.10}% 16
\BOOKMARK [2][-]{section*.17}{\376\377\230\230\000\040\0007}{section*.10}% 17
\BOOKMARK [2][-]{section*.18}{\376\377\230\230\000\040\0008}{section*.10}% 18
\BOOKMARK [2][-]{section*.19}{\376\377\230\230\000\040\0009}{section*.10}% 19
\BOOKMARK [2][-]{section*.20}{\376\377\230\230\000\040\0001\0000}{section*.10}% 20
\BOOKMARK [1][-]{section*.21}{\376\377\116\011\060\001\116\146\124\016\116\140\230\230\122\240\176\303\377\010\214\050\141\116\123\302\200\003\377\011}{}% 21
\BOOKMARK [2][-]{section*.22}{\376\377\0001\000.\000\040\173\054\000\040\0007\0004\000-\0007\0005\000\040\230\165}{section*.21}% 22
\BOOKMARK [2][-]{section*.23}{\376\377\0002\000.\000\040\173\054\000\040\0001\0003\0006\000\040\230\165}{section*.21}% 23
\BOOKMARK [2][-]{section*.24}{\376\377\0003\000.\000\040\173\054\000\040\0001\0005\0008\000-\0001\0005\0009\000\040\230\165}{section*.21}% 24
\BOOKMARK [2][-]{section*.25}{\376\377\0004\000.\000\040\173\054\000\040\0001\0009\0007\000-\0001\0009\0009\000\040\230\165}{section*.21}% 25
\BOOKMARK [1][-]{section*.26}{\376\377\126\333\060\001\147\000\167\355\200\314\213\365\162\110}{}% 26
