\BOOKMARK [1][-]{section*.1}{\376\377\117\177\165\050\213\364\146\016}{}% 1
\BOOKMARK [1][-]{section*.2}{\376\377\226\366\060\001\137\305\131\007\176\277\140\047\116\343\145\160\116\016\213\260\123\367}{}% 2
\BOOKMARK [2][-]{section*.3}{\376\377\0001\000.\000\040\124\021\221\317\060\001\167\351\226\065\124\214\127\372\147\054\172\172\225\364}{section*.2}% 3
\BOOKMARK [2][-]{section*.4}{\376\377\0002\000.\000\040\133\371\171\360\153\143\133\232\167\351\226\065}{section*.2}% 4
\BOOKMARK [2][-]{section*.5}{\376\377\0003\000.\000\040\153\143\116\244\167\351\226\065}{section*.2}% 5
\BOOKMARK [2][-]{section*.6}{\376\377\0004\000.\000\040\116\011\211\322\167\351\226\065\116\072\116\300\116\110\221\315\211\201}{section*.2}% 6
\BOOKMARK [1][-]{section*.7}{\376\377\116\000\060\001\166\364\143\245\154\325\377\032\000G\000a\000u\000s\000s\000\040\155\210\121\103\060\001\000L\000U\060\001\000P\000L\000U}{}% 7
\BOOKMARK [2][-]{section*.8}{\376\377\0001\000.\000\040\147\054\172\340\211\343\121\263\116\300\116\110\225\356\230\230}{section*.7}% 8
\BOOKMARK [2][-]{section*.9}{\376\377\0002\000.\000\040\000G\000a\000u\000s\000s\000\040\155\210\121\103\166\204\147\054\215\050}{section*.7}% 9
\BOOKMARK [2][-]{section*.10}{\376\377\0003\000.\000\040\000D\000o\000o\000l\000i\000t\000t\000l\000e\000\040\127\213\000\040\000L\000U\000\040\122\006\211\343}{section*.7}% 10
\BOOKMARK [2][-]{section*.11}{\376\377\0004\000.\000\040\165\050\000\040\000L\000U\000\040\211\343\145\271\172\013}{section*.7}% 11
\BOOKMARK [2][-]{section*.12}{\376\377\0005\000.\000\040\122\027\116\073\121\103\000\040\000P\000L\000U}{section*.7}% 12
\BOOKMARK [2][-]{section*.13}{\376\377\0006\000.\000\040\232\330\230\221\117\213\230\230\377\032\146\156\220\032\000\040\000L\000U\000\040\116\016\000\040\000P\000L\000U}{section*.7}% 13
\BOOKMARK [2][-]{section*.14}{\376\377\0007\000.\000\040\121\150\116\073\121\103\000\040\000G\000a\000u\000s\000s\000\040\155\210\121\103}{section*.7}% 14
\BOOKMARK [2][-]{section*.15}{\376\377\0008\000.\000\040\000G\000a\000u\000s\000s\000-\000J\000o\000r\000d\000a\000n\000\040\154\102\220\006}{section*.7}% 15
\BOOKMARK [1][-]{section*.16}{\376\377\116\214\060\001\116\011\133\371\211\322\145\271\172\013\116\016\217\375\215\166\154\325}{}% 16
\BOOKMARK [2][-]{section*.17}{\376\377\0001\000.\000\040\116\011\133\371\211\322\167\351\226\065}{section*.16}% 17
\BOOKMARK [2][-]{section*.18}{\376\377\0002\000.\000\040\217\375\215\166\154\325\220\022\143\250}{section*.16}% 18
\BOOKMARK [2][-]{section*.19}{\376\377\0003\000.\000\040\217\375\215\166\154\325\166\204\220\002\165\050\143\320\221\222}{section*.16}% 19
\BOOKMARK [1][-]{section*.20}{\376\377\116\011\060\001\153\143\133\232\167\351\226\065\060\001\000C\000h\000o\000l\000e\000s\000k\000y\000\040\116\016\000\040\000L\000D\000L\000T}{}% 20
\BOOKMARK [2][-]{section*.21}{\376\377\0001\000.\000\040\116\072\116\300\116\110\153\143\133\232\167\351\226\065\162\171\153\212}{section*.20}% 21
\BOOKMARK [2][-]{section*.22}{\376\377\0002\000.\000\040\000C\000h\000o\000l\000e\000s\000k\000y\000\040\122\006\211\343}{section*.20}% 22
\BOOKMARK [2][-]{section*.23}{\376\377\0003\000.\000\040\145\071\217\333\136\163\145\271\150\071\154\325\000\040\000L\000D\000L\000T}{section*.20}% 23
\BOOKMARK [2][-]{section*.24}{\376\377\0004\000.\000\040\153\143\133\232\140\047\213\301\146\016\152\041\147\177}{section*.20}% 24
\BOOKMARK [2][-]{section*.25}{\376\377\0005\000.\000\040\232\330\230\221\117\213\230\230\377\032\000C\000h\000o\000l\000e\000s\000k\000y}{section*.20}% 25
\BOOKMARK [2][-]{section*.26}{\376\377\0006\000.\000\040\136\070\211\301\131\061\122\006\160\271}{section*.20}% 26
\BOOKMARK [1][-]{section*.27}{\376\377\126\333\060\001\124\021\221\317\203\003\145\160\060\001\167\351\226\065\203\003\145\160\116\016\147\141\116\366\145\160}{}% 27
\BOOKMARK [2][-]{section*.28}{\376\377\0001\000.\000\040\116\072\116\300\116\110\211\201\133\146\203\003\145\160}{section*.27}% 28
\BOOKMARK [2][-]{section*.29}{\376\377\0002\000.\000\040\124\021\221\317\203\003\145\160\133\232\116\111}{section*.27}% 29
\BOOKMARK [2][-]{section*.30}{\376\377\0003\000.\000\040\167\351\226\065\203\003\145\160\133\232\116\111}{section*.27}% 30
\BOOKMARK [2][-]{section*.31}{\376\377\0004\000.\000\040\000F\000r\000o\000b\000e\000n\000i\000u\000s\000\040\203\003\145\160}{section*.27}% 31
\BOOKMARK [2][-]{section*.32}{\376\377\0005\000.\000\040\166\370\117\074\213\361\133\374\203\003\145\160}{section*.27}% 32
\BOOKMARK [2][-]{section*.33}{\376\377\0006\000.\000\040\214\061\123\112\137\204\116\016\145\066\145\133\167\351\226\065}{section*.27}% 33
\BOOKMARK [2][-]{section*.34}{\376\377\0007\000.\000\040\147\141\116\366\145\160}{section*.27}% 34
\BOOKMARK [2][-]{section*.35}{\376\377\0008\000.\000\040\202\015\121\145\213\357\135\356\116\016\130\236\225\177\126\340\133\120}{section*.27}% 35
\BOOKMARK [1][-]{section*.36}{\376\377\116\224\060\001\147\000\134\017\116\214\116\130\060\001\153\143\122\031\145\271\172\013\116\016\142\225\137\161}{}% 36
\BOOKMARK [2][-]{section*.37}{\376\377\0001\000.\000\040\147\000\134\017\116\214\116\130\225\356\230\230\146\057\116\300\116\110}{section*.36}% 37
\BOOKMARK [2][-]{section*.38}{\376\377\0002\000.\000\040\153\143\122\031\145\271\172\013}{section*.36}% 38
\BOOKMARK [2][-]{section*.39}{\376\377\0003\000.\000\040\153\143\122\031\145\271\172\013\166\204\117\030\177\072\160\271}{section*.36}% 39
\BOOKMARK [2][-]{section*.40}{\376\377\0004\000.\000\040\153\143\116\244\142\225\137\161\167\351\226\065}{section*.36}% 40
\BOOKMARK [2][-]{section*.41}{\376\377\0005\000.\000\040\232\330\230\221\117\213\230\230\377\032\153\143\122\031\145\271\172\013\116\016\136\163\145\271\150\071\154\325}{section*.36}% 41
\BOOKMARK [2][-]{section*.42}{\376\377\0006\000.\000\040\136\177\116\111\220\006\116\016\147\000\134\017\116\214\116\130}{section*.36}% 42
\BOOKMARK [1][-]{section*.43}{\376\377\121\155\060\001\000Q\000R\000\040\122\006\211\343\116\016\153\143\116\244\123\026\145\271\154\325}{}% 43
\BOOKMARK [2][-]{section*.44}{\376\377\0001\000.\000\040\000Q\000R\000\040\116\072\116\300\116\110\220\002\124\010\147\000\134\017\116\214\116\130}{section*.43}% 44
\BOOKMARK [2][-]{section*.45}{\376\377\0002\000.\000\040\000G\000r\000a\000m\000-\000S\000c\000h\000m\000i\000d\000t\000\040\153\143\116\244\123\026}{section*.43}% 45
\BOOKMARK [2][-]{section*.46}{\376\377\0003\000.\000\040\000H\000o\000u\000s\000e\000h\000o\000l\000d\000e\000r\000\040\123\330\143\142}{section*.43}% 46
\BOOKMARK [2][-]{section*.47}{\376\377\0004\000.\000\040\000H\000o\000u\000s\000e\000h\000o\000l\000d\000e\000r\000\040\120\132\000\040\000Q\000R}{section*.43}% 47
\BOOKMARK [2][-]{section*.48}{\376\377\0005\000.\000\040\232\330\230\221\000\040\000H\000o\000u\000s\000e\000h\000o\000l\000d\000e\000r\000\040\117\213\230\230}{section*.43}% 48
\BOOKMARK [2][-]{section*.49}{\376\377\0006\000.\000\040\000G\000i\000v\000e\000n\000s\000\040\145\313\217\154}{section*.43}% 49
\BOOKMARK [2][-]{section*.50}{\376\377\0007\000.\000\040\232\330\230\221\000\040\000G\000i\000v\000e\000n\000s\000\040\117\213\230\230}{section*.43}% 50
\BOOKMARK [2][-]{section*.51}{\376\377\0008\000.\000\040\000H\000o\000u\000s\000e\000h\000o\000l\000d\000e\000r\000\040\116\016\000\040\000G\000i\000v\000e\000n\000s\000\040\133\371\153\324}{section*.43}% 51
\BOOKMARK [1][-]{section*.52}{\376\377\116\003\060\001\133\232\136\070\217\355\116\343\154\325\377\032\000J\000a\000c\000o\000b\000i\060\001\000G\000a\000u\000s\000s\000-\000S\000e\000i\000d\000e\000l\060\001\000S\000O\000R}{}% 52
\BOOKMARK [2][-]{section*.53}{\376\377\0001\000.\000\040\217\355\116\343\154\325\166\204\176\337\116\000\140\035\140\363}{section*.52}% 53
\BOOKMARK [2][-]{section*.54}{\376\377\0002\000.\000\040\167\351\226\065\122\006\210\302\176\246\133\232}{section*.52}% 54
\BOOKMARK [2][-]{section*.55}{\376\377\0003\000.\000\040\000J\000a\000c\000o\000b\000i\000\040\217\355\116\343}{section*.52}% 55
\BOOKMARK [2][-]{section*.56}{\376\377\0004\000.\000\040\000G\000a\000u\000s\000s\000-\000S\000e\000i\000d\000e\000l\000\040\217\355\116\343}{section*.52}% 56
\BOOKMARK [2][-]{section*.57}{\376\377\0005\000.\000\040\000S\000O\000R\000\040\217\355\116\343}{section*.52}% 57
\BOOKMARK [2][-]{section*.58}{\376\377\0006\000.\000\040\136\070\165\050\145\066\145\133\121\105\122\006\147\141\116\366}{section*.52}% 58
\BOOKMARK [2][-]{section*.59}{\376\377\0007\000.\000\040\123\302\145\160\167\351\226\065\232\330\230\221\152\041\147\177}{section*.52}% 59
\BOOKMARK [2][-]{section*.60}{\376\377\0008\000.\000\040\116\011\226\066\167\351\226\065\121\231\000\040\000J\000a\000c\000o\000b\000i\000\040\217\355\116\343\167\351\226\065}{section*.52}% 60
\BOOKMARK [2][-]{section*.61}{\376\377\0009\000.\000\040\213\357\135\356\117\060\213\241}{section*.52}% 61
\BOOKMARK [1][-]{section*.62}{\376\377\121\153\060\001\121\161\217\155\150\257\136\246\154\325\000\040\000C\000G}{}% 62
\BOOKMARK [2][-]{section*.63}{\376\377\0001\000.\000\040\000C\000G\000\040\211\343\121\263\116\300\116\110\225\356\230\230}{section*.62}% 63
\BOOKMARK [2][-]{section*.64}{\376\377\0002\000.\000\040\000A\000-\121\205\171\357\124\214\000\040\000A\000-\121\161\217\155}{section*.62}% 64
\BOOKMARK [2][-]{section*.65}{\376\377\0003\000.\000\040\000A\000-\121\161\217\155\124\021\221\317\176\277\140\047\145\340\121\163\213\301\146\016}{section*.62}% 65
\BOOKMARK [2][-]{section*.66}{\376\377\0004\000.\000\040\220\006\167\351\226\065\134\125\137\000\137\017}{section*.62}% 66
\BOOKMARK [2][-]{section*.67}{\376\377\0005\000.\000\040\000C\000G\000\040\173\227\154\325\220\022\143\250}{section*.62}% 67
\BOOKMARK [2][-]{section*.68}{\376\377\0006\000.\000\040\000C\000G\000\040\166\204\153\143\116\244\121\163\174\373}{section*.62}% 68
\BOOKMARK [2][-]{section*.69}{\376\377\0007\000.\000\040\147\000\220\037\116\013\226\115\116\016\000\040\000C\000G\000\040\166\204\123\072\122\053}{section*.62}% 69
\BOOKMARK [1][-]{section*.70}{\376\377\116\135\060\001\162\171\137\201\120\074\225\356\230\230\377\032\136\102\154\325\060\001\000H\000e\000s\000s\000e\000n\000b\000e\000r\000g\060\001\000Q\000R\060\001\000S\000c\000h\000u\000r}{}% 70
\BOOKMARK [2][-]{section*.71}{\376\377\0001\000.\000\040\162\171\137\201\120\074\225\356\230\230\166\204\166\356\150\007}{section*.70}% 71
\BOOKMARK [2][-]{section*.72}{\376\377\0002\000.\000\040\136\102\154\325}{section*.70}% 72
\BOOKMARK [2][-]{section*.73}{\376\377\0003\000.\000\040\220\006\217\355\116\343\116\016\117\115\171\373}{section*.70}% 73
\BOOKMARK [2][-]{section*.74}{\376\377\0004\000.\000\040\000H\000o\000u\000s\000e\000h\000o\000l\000d\000e\000r\000\040\116\012\000\040\000H\000e\000s\000s\000e\000n\000b\000e\000r\000g\000\040\123\026}{section*.70}% 74
\BOOKMARK [2][-]{section*.75}{\376\377\0005\000.\000\040\000Q\000R\000\040\217\355\116\343}{section*.70}% 75
\BOOKMARK [2][-]{section*.76}{\376\377\0006\000.\000\040\117\115\171\373\000\040\000Q\000R}{section*.70}% 76
\BOOKMARK [2][-]{section*.77}{\376\377\0007\000.\000\040\000H\000e\000s\000s\000e\000n\000b\000e\000r\000g\000\040\176\323\147\204\116\072\116\300\116\110\117\335\143\001}{section*.70}% 77
\BOOKMARK [2][-]{section*.78}{\376\377\0008\000.\000\040\000S\000c\000h\000u\000r\000\040\122\006\211\343}{section*.70}% 78
\BOOKMARK [2][-]{section*.79}{\376\377\0009\000.\000\040\133\371\171\360\000\040\000Q\000R\000\040\145\271\154\325}{section*.70}% 79
\BOOKMARK [1][-]{section*.80}{\376\377\123\101\060\001\000S\000V\000D\060\001\000M\000o\000o\000r\000e\000-\000P\000e\000n\000r\000o\000s\000e\000\040\220\006\060\001\000J\000a\000c\000o\000b\000i\000\040\116\016\116\214\122\006\154\325}{}% 80
\BOOKMARK [2][-]{section*.81}{\376\377\0001\000.\000\040\000S\000V\000D\000\040\133\232\164\006}{section*.80}% 81
\BOOKMARK [2][-]{section*.82}{\376\377\0002\000.\000\040\131\107\137\002\120\074\166\204\123\330\122\006\122\073\165\073}{section*.80}% 82
\BOOKMARK [2][-]{section*.83}{\376\377\0003\000.\000\040\000M\000o\000o\000r\000e\000-\000P\000e\000n\000r\000o\000s\000e\000\040\136\177\116\111\220\006}{section*.80}% 83
\BOOKMARK [2][-]{section*.84}{\376\377\0004\000.\000\040\000J\000a\000c\000o\000b\000i\000\040\162\171\137\201\120\074\145\271\154\325}{section*.80}% 84
\BOOKMARK [2][-]{section*.85}{\376\377\0005\000.\000\040\116\214\122\006\154\325\116\016\000\040\000S\000t\000u\000r\000m\000\040\136\217\122\027}{section*.80}% 85
\BOOKMARK [1][-]{section*.86}{\376\377\123\101\116\000\060\001\213\301\146\016\230\230\176\337\116\000\213\255\176\303}{}% 86
\BOOKMARK [2][-]{section*.87}{\376\377\0001\000.\000\040\203\003\145\160\213\301\146\016}{section*.86}% 87
\BOOKMARK [2][-]{section*.88}{\376\377\0002\000.\000\040\145\066\145\133\213\301\146\016}{section*.86}% 88
\BOOKMARK [2][-]{section*.89}{\376\377\0003\000.\000\040\153\143\133\232\213\301\146\016}{section*.86}% 89
\BOOKMARK [2][-]{section*.90}{\376\377\0004\000.\000\040\147\000\134\017\116\214\116\130\213\301\146\016}{section*.86}% 90
\BOOKMARK [2][-]{section*.91}{\376\377\0005\000.\000\040\153\143\116\244\123\330\143\142\213\301\146\016}{section*.86}% 91
\BOOKMARK [2][-]{section*.92}{\376\377\0006\000.\000\040\121\161\217\155\150\257\136\246\213\301\146\016}{section*.86}% 92
\BOOKMARK [1][-]{section*.93}{\376\377\123\101\116\214\060\001\200\003\127\072\117\134\173\124\152\041\147\177\116\016\131\015\116\140\215\357\176\277}{}% 93
\BOOKMARK [2][-]{section*.94}{\376\377\0001\000.\000\040\166\364\143\245\154\325\230\230\152\041\147\177}{section*.93}% 94
\BOOKMARK [2][-]{section*.95}{\376\377\0002\000.\000\040\147\000\134\017\116\214\116\130\230\230\152\041\147\177}{section*.93}% 95
\BOOKMARK [2][-]{section*.96}{\376\377\0003\000.\000\040\217\355\116\343\154\325\230\230\152\041\147\177}{section*.93}% 96
\BOOKMARK [2][-]{section*.97}{\376\377\0004\000.\000\040\153\143\116\244\123\330\143\142\230\230\152\041\147\177}{section*.93}% 97
\BOOKMARK [2][-]{section*.98}{\376\377\0005\000.\000\040\162\171\137\201\120\074\176\374\124\010\230\230\152\041\147\177}{section*.93}% 98
\BOOKMARK [2][-]{section*.99}{\376\377\0006\000.\000\040\147\000\123\357\200\375\200\003\230\230\156\005\123\125}{section*.93}% 99
\BOOKMARK [2][-]{section*.100}{\376\377\0007\000.\000\040\147\000\124\016\116\000\131\051\140\016\116\110\131\015\116\140}{section*.93}% 100
\BOOKMARK [2][-]{section*.101}{\376\377\0008\000.\000\040\147\000\133\271\146\023\145\121\122\006\166\204\123\167\227\142\116\140\140\357}{section*.93}% 101
